// Vitest Snapshot v1, https://vitest.dev/guide/snapshot.html

exports[`CLI contract snapshot > COMMANDS tree shape is stable 1`] = `
{
  "config": {
    "aliasOf": undefined,
    "args": [],
    "children": {
      "effective": {
        "aliasOf": undefined,
        "args": [],
        "flags": [
          "json",
          "type",
        ],
        "hasHandler": true,
        "path": [
          "config",
          "effective",
        ],
        "requiresRepo": undefined,
        "visibility": "normal",
        "worktreeGuard": undefined,
      },
    },
    "flags": [],
    "hasHandler": false,
    "path": [
      "config",
    ],
    "requiresRepo": undefined,
    "visibility": "normal",
    "worktreeGuard": undefined,
  },
  "credentials": {
    "aliasOf": undefined,
    "args": [],
    "children": {
      "set": {
        "aliasOf": undefined,
        "args": [
          "name",
        ],
        "flags": [],
        "hasHandler": true,
        "path": [
          "credentials",
          "set",
        ],
        "requiresRepo": undefined,
        "visibility": "normal",
        "worktreeGuard": undefined,
      },
    },
    "flags": [],
    "hasHandler": false,
    "path": [
      "credentials",
    ],
    "requiresRepo": undefined,
    "visibility": "normal",
    "worktreeGuard": undefined,
  },
  "doctor": {
    "aliasOf": undefined,
    "args": [],
    "children": {
      "repair": {
        "aliasOf": undefined,
        "args": [
          "slug",
        ],
        "flags": [],
        "hasHandler": true,
        "path": [
          "doctor",
          "repair",
        ],
        "requiresRepo": true,
        "visibility": "repair",
        "worktreeGuard": undefined,
      },
    },
    "flags": [
      "json",
    ],
    "hasHandler": true,
    "path": [
      "doctor",
    ],
    "requiresRepo": undefined,
    "visibility": "normal",
    "worktreeGuard": undefined,
  },
  "guide": {
    "aliasOf": undefined,
    "args": [
      "topic",
    ],
    "flags": [],
    "hasHandler": true,
    "path": [
      "guide",
    ],
    "requiresRepo": undefined,
    "visibility": "normal",
    "worktreeGuard": undefined,
  },
  "inbox": {
    "aliasOf": undefined,
    "args": [],
    "children": {
      "run": {
        "aliasOf": undefined,
        "args": [],
        "flags": [
          "dry-run",
          "json",
          "limit",
          "quiet",
          "verbose",
        ],
        "hasHandler": true,
        "path": [
          "inbox",
          "run",
        ],
        "requiresRepo": true,
        "visibility": "normal",
        "worktreeGuard": true,
      },
    },
    "flags": [],
    "hasHandler": false,
    "path": [
      "inbox",
    ],
    "requiresRepo": undefined,
    "visibility": "normal",
    "worktreeGuard": undefined,
  },
  "init": {
    "aliasOf": undefined,
    "args": [],
    "flags": [
      "provider",
      "runtime",
    ],
    "hasHandler": true,
    "path": [
      "init",
    ],
    "requiresRepo": true,
    "visibility": "normal",
    "worktreeGuard": undefined,
  },
  "job": {
    "aliasOf": undefined,
    "args": [],
    "children": {
      "archive": {
        "aliasOf": undefined,
        "args": [
          "slug",
        ],
        "flags": [
          "from-issue",
          "merge-wait-ms",
          "with-merge",
        ],
        "hasHandler": true,
        "path": [
          "job",
          "archive",
        ],
        "requiresRepo": undefined,
        "visibility": "normal",
        "worktreeGuard": true,
      },
      "attach": {
        "aliasOf": undefined,
        "args": [],
        "flags": [
          "branch",
          "quiet",
          "verbose",
        ],
        "hasHandler": true,
        "path": [
          "job",
          "attach",
        ],
        "requiresRepo": true,
        "visibility": "operator",
        "worktreeGuard": true,
      },
      "cancel": {
        "aliasOf": undefined,
        "args": [
          "jobId",
        ],
        "flags": [
          "all-terminated",
          "force",
          "purge",
          "restore-draft",
          "yes",
        ],
        "hasHandler": true,
        "path": [
          "job",
          "cancel",
        ],
        "requiresRepo": true,
        "visibility": "normal",
        "worktreeGuard": undefined,
      },
      "ls": {
        "aliasOf": undefined,
        "args": [],
        "flags": [
          "active",
          "all",
          "json",
          "status",
        ],
        "hasHandler": true,
        "path": [
          "job",
          "ls",
        ],
        "requiresRepo": undefined,
        "visibility": "normal",
        "worktreeGuard": undefined,
      },
      "prune": {
        "aliasOf": undefined,
        "args": [],
        "flags": [
          "force",
        ],
        "hasHandler": true,
        "path": [
          "job",
          "prune",
        ],
        "requiresRepo": true,
        "visibility": "maintenance",
        "worktreeGuard": true,
      },
      "reopen": {
        "aliasOf": undefined,
        "args": [
          "slug",
        ],
        "flags": [
          "json",
          "no-worktree",
          "quiet",
          "reason",
          "verbose",
        ],
        "hasHandler": true,
        "path": [
          "job",
          "reopen",
        ],
        "requiresRepo": undefined,
        "visibility": "operator",
        "worktreeGuard": true,
      },
      "resume": {
        "aliasOf": undefined,
        "args": [
          "slug",
        ],
        "flags": [
          "adopt-commits",
          "apply-canon",
          "detach",
          "force",
          "from",
          "from-issue",
          "json",
          "no-worktree",
          "prompt",
          "prompt-file",
          "quiet",
          "verbose",
          "wontfix",
          "wontfix-reason",
        ],
        "hasHandler": true,
        "path": [
          "job",
          "resume",
        ],
        "requiresRepo": undefined,
        "visibility": "normal",
        "worktreeGuard": true,
      },
      "show": {
        "aliasOf": undefined,
        "args": [
          "jobId|slug",
        ],
        "flags": [],
        "hasHandler": true,
        "path": [
          "job",
          "show",
        ],
        "requiresRepo": undefined,
        "visibility": "normal",
        "worktreeGuard": undefined,
      },
      "start": {
        "aliasOf": undefined,
        "args": [
          "slug|file",
        ],
        "flags": [
          "detach",
          "from-issue",
          "issue",
          "json",
          "no-worktree",
          "quiet",
          "verbose",
        ],
        "hasHandler": true,
        "path": [
          "job",
          "start",
        ],
        "requiresRepo": undefined,
        "visibility": "normal",
        "worktreeGuard": true,
      },
      "stats": {
        "aliasOf": undefined,
        "args": [],
        "flags": [
          "json",
        ],
        "hasHandler": true,
        "path": [
          "job",
          "stats",
        ],
        "requiresRepo": true,
        "visibility": "normal",
        "worktreeGuard": undefined,
      },
      "wait": {
        "aliasOf": undefined,
        "args": [
          "slug",
        ],
        "flags": [],
        "hasHandler": true,
        "path": [
          "job",
          "wait",
        ],
        "requiresRepo": undefined,
        "visibility": "normal",
        "worktreeGuard": undefined,
      },
    },
    "flags": [],
    "hasHandler": false,
    "path": [
      "job",
    ],
    "requiresRepo": undefined,
    "visibility": "normal",
    "worktreeGuard": undefined,
  },
  "login": {
    "aliasOf": undefined,
    "args": [],
    "flags": [
      "force",
      "provider",
    ],
    "hasHandler": true,
    "path": [
      "login",
    ],
    "requiresRepo": undefined,
    "visibility": "normal",
    "worktreeGuard": undefined,
  },
  "request": {
    "aliasOf": undefined,
    "args": [],
    "children": {
      "ls": {
        "aliasOf": undefined,
        "args": [],
        "flags": [],
        "hasHandler": true,
        "path": [
          "request",
          "ls",
        ],
        "requiresRepo": undefined,
        "visibility": "normal",
        "worktreeGuard": undefined,
      },
      "new": {
        "aliasOf": undefined,
        "args": [
          "slug",
        ],
        "flags": [
          "type",
        ],
        "hasHandler": true,
        "path": [
          "request",
          "new",
        ],
        "requiresRepo": true,
        "visibility": "normal",
        "worktreeGuard": undefined,
      },
      "prompt": {
        "aliasOf": undefined,
        "args": [],
        "flags": [],
        "hasHandler": true,
        "path": [
          "request",
          "prompt",
        ],
        "requiresRepo": undefined,
        "visibility": "normal",
        "worktreeGuard": undefined,
      },
      "template": {
        "aliasOf": undefined,
        "args": [],
        "flags": [
          "type",
        ],
        "hasHandler": true,
        "path": [
          "request",
          "template",
        ],
        "requiresRepo": undefined,
        "visibility": "normal",
        "worktreeGuard": undefined,
      },
      "validate": {
        "aliasOf": undefined,
        "args": [
          "file-or-slug",
        ],
        "flags": [],
        "hasHandler": true,
        "path": [
          "request",
          "validate",
        ],
        "requiresRepo": undefined,
        "visibility": "normal",
        "worktreeGuard": undefined,
      },
    },
    "flags": [],
    "hasHandler": false,
    "path": [
      "request",
    ],
    "requiresRepo": undefined,
    "visibility": "normal",
    "worktreeGuard": undefined,
  },
  "reviewers": {
    "aliasOf": undefined,
    "args": [],
    "children": {
      "new": {
        "aliasOf": undefined,
        "args": [
          "name",
        ],
        "flags": [],
        "hasHandler": true,
        "path": [
          "reviewers",
          "new",
        ],
        "requiresRepo": undefined,
        "visibility": "normal",
        "worktreeGuard": undefined,
      },
    },
    "flags": [],
    "hasHandler": false,
    "path": [
      "reviewers",
    ],
    "requiresRepo": undefined,
    "visibility": "normal",
    "worktreeGuard": undefined,
  },
  "rules": {
    "aliasOf": undefined,
    "args": [],
    "children": {
      "new": {
        "aliasOf": undefined,
        "args": [
          "step-name rule-slug",
        ],
        "flags": [],
        "hasHandler": true,
        "path": [
          "rules",
          "new",
        ],
        "requiresRepo": undefined,
        "visibility": "normal",
        "worktreeGuard": undefined,
      },
    },
    "flags": [],
    "hasHandler": false,
    "path": [
      "rules",
    ],
    "requiresRepo": undefined,
    "visibility": "normal",
    "worktreeGuard": undefined,
  },
  "run": {
    "aliasOf": [
      "job",
      "start",
    ],
    "args": [],
    "flags": [],
    "hasHandler": false,
    "path": [
      "run",
    ],
    "requiresRepo": undefined,
    "visibility": "compatibility",
    "worktreeGuard": undefined,
  },
  "runtime": {
    "aliasOf": undefined,
    "args": [],
    "children": {
      "reset": {
        "aliasOf": undefined,
        "args": [],
        "flags": [
          "force",
        ],
        "hasHandler": true,
        "path": [
          "runtime",
          "reset",
        ],
        "requiresRepo": undefined,
        "visibility": "normal",
        "worktreeGuard": undefined,
      },
      "setup": {
        "aliasOf": undefined,
        "args": [],
        "flags": [],
        "hasHandler": true,
        "path": [
          "runtime",
          "setup",
        ],
        "requiresRepo": undefined,
        "visibility": "normal",
        "worktreeGuard": undefined,
      },
      "status": {
        "aliasOf": undefined,
        "args": [],
        "flags": [],
        "hasHandler": true,
        "path": [
          "runtime",
          "status",
        ],
        "requiresRepo": undefined,
        "visibility": "normal",
        "worktreeGuard": undefined,
      },
    },
    "flags": [],
    "hasHandler": false,
    "path": [
      "runtime",
    ],
    "requiresRepo": undefined,
    "visibility": "normal",
    "worktreeGuard": undefined,
  },
  "usage": {
    "aliasOf": undefined,
    "args": [
      "slug",
    ],
    "flags": [],
    "hasHandler": true,
    "path": [
      "usage",
    ],
    "requiresRepo": undefined,
    "visibility": "operator",
    "worktreeGuard": undefined,
  },
}
`;
